--- Logging error ---
Traceback (most recent call last):
  File "/home/augustus/miniconda3/envs/jl-env/lib/python3.10/logging/__init__.py", line 1103, in emit
    stream.write(msg + self.terminator)
  File "/home/augustus/Documents/code/repos/epscor-project-tools/python/polarization_locking/runner.py", line 52, in write
    self.logfile.write(text)
ValueError: I/O operation on closed file.
Call stack:
  File "/home/augustus/Documents/code/repos/epscor-project-tools/python/polarization_locking/lock.py", line 19, in <module>
    raise SystemExit(main())
  File "/home/augustus/Documents/code/repos/epscor-project-tools/python/polarization_locking/cli.py", line 210, in main
    menu.run(case)
  File "/home/augustus/Documents/code/repos/epscor-project-tools/python/polarization_locking/cli.py", line 157, in run
    self.detail(case)
  File "/home/augustus/Documents/code/repos/epscor-project-tools/python/polarization_locking/cli.py", line 121, in detail
    state = self.run_test(case, deepcopy(config), dict(options))
  File "/home/augustus/Documents/code/repos/epscor-project-tools/python/polarization_locking/runner.py", line 96, in execute
    getattr(app, case.method)(**kwargs)
  File "/home/augustus/Documents/code/repos/epscor-project-tools/python/polarization_locking/routines/diagnostics.py", line 19, in _run_pd_visibility
    acquire_visibility(self.rp.p.rp.scope, self.config, output_file, duration_s)
  File "/home/augustus/Documents/code/repos/epscor-project-tools/python/polarization_locking/routines/visibility.py", line 64, in acquire_visibility
    previous = {name: getattr(scope, name) for name in names}
  File "/home/augustus/Documents/code/repos/epscor-project-tools/python/polarization_locking/routines/visibility.py", line 64, in <dictcomp>
    previous = {name: getattr(scope, name) for name in names}
  File "/home/augustus/Documents/code/repos/pyrpl/pyrpl/attributes.py", line 149, in __get__
    return self.get_value(instance)
  File "/home/augustus/Documents/code/repos/pyrpl/pyrpl/hardware_modules/scope.py", line 163, in get_value
    return obj.sampling_time * float(obj.data_length)
  File "/home/augustus/Documents/code/repos/pyrpl/pyrpl/attributes.py", line 149, in __get__
    return self.get_value(instance)
  File "/home/augustus/Documents/code/repos/pyrpl/pyrpl/hardware_modules/scope.py", line 188, in get_value
    return 8e-9 * float(obj.decimation)
  File "/home/augustus/Documents/code/repos/pyrpl/pyrpl/attributes.py", line 149, in __get__
    return self.get_value(instance)
  File "/home/augustus/Documents/code/repos/pyrpl/pyrpl/attributes.py", line 1348, in get_value
    obj._logger.warning(
Message: "Register %s of module %s has value %s, which does not correspond to selected option %s. Setting to '%s'. "
Arguments: ('decimation', 'scope', 64, 8192, 8192)
Passive visibility on in1; external drive 0.5 Hz; RP outputs untouched.
DC coupling and a full fringe excursion are required. Extrema use 1/64-period bin averages.
Dark voltage not measured: reporting apparent contrast assuming zero offset.
Capture 1: 1.32%; low=-0.0050254 V, high=-0.0048941 V, Vpp=0.000131303 V (apparent; zero dark offset assumed)
Capture 2: 1.00%; low=-0.00499155 V, high=-0.00489307 V, Vpp=9.84769e-05 V (apparent; zero dark offset assumed)
Capture 3: 1.45%; low=-0.00502745 V, high=-0.00488384 V, Vpp=0.000143612 V (apparent; zero dark offset assumed)
Mean observed visibility: 1.26% (3/3 valid captures).
PDF report saved to /home/augustus/Documents/code/repos/epscor-project-tools/experiments/polarization_locking/2026-09-23/190437_pd-visibility_pd-visibility/report.pdf
